// Jest Snapshot v1, https://goo.gl/fbAQLP

exports[`ListItem should render correctly 1`] = `
ShallowWrapper {
  "length": 1,
  Symbol(enzyme.__root__): [Circular],
  Symbol(enzyme.__unrendered__): <ListItem
    vehicle={
        Object {
            "bodytype": "sedan",
            "created_at": "2016-10-14T20:13:22.586Z",
            "drivetrain": "FWD",
            "id": 0,
            "image_url": "http://www.optimaforums.com/forum/attachments/new-member-introductions/11137d1347548855-new-2013-kia-optima-sx-l-titanium-photo.jpg",
            "make": "Kia",
            "mileage": 24235,
            "model": "Optima",
            "year": "2013",
          }
    }
/>,
  Symbol(enzyme.__renderer__): Object {
    "batchedUpdates": [Function],
    "getNode": [Function],
    "render": [Function],
    "simulateEvent": [Function],
    "unmount": [Function],
  },
  Symbol(enzyme.__node__): Object {
    "instance": null,
    "key": undefined,
    "nodeType": "class",
    "props": Object {
      "children": <li
        className="list-item-container"
>
        <p
                className="list-item-title"
        />
        <p
                className="list-item-text"
        >
                Mileage: 
                24235
        </p>
</li>,
      "className": "link-container",
      "replace": false,
      "to": "/0",
    },
    "ref": null,
    "rendered": Object {
      "instance": null,
      "key": undefined,
      "nodeType": "host",
      "props": Object {
        "children": Array [
          <p
            className="list-item-title"
/>,
          <p
            className="list-item-text"
>
            Mileage: 
            24235
</p>,
        ],
        "className": "list-item-container",
      },
      "ref": null,
      "rendered": Array [
        Object {
          "instance": null,
          "key": undefined,
          "nodeType": "host",
          "props": Object {
            "children": undefined,
            "className": "list-item-title",
          },
          "ref": null,
          "rendered": null,
          "type": "p",
        },
        Object {
          "instance": null,
          "key": undefined,
          "nodeType": "host",
          "props": Object {
            "children": Array [
              "Mileage: ",
              24235,
            ],
            "className": "list-item-text",
          },
          "ref": null,
          "rendered": Array [
            "Mileage: ",
            24235,
          ],
          "type": "p",
        },
      ],
      "type": "li",
    },
    "type": [Function],
  },
  Symbol(enzyme.__nodes__): Array [
    Object {
      "instance": null,
      "key": undefined,
      "nodeType": "class",
      "props": Object {
        "children": <li
          className="list-item-container"
>
          <p
                    className="list-item-title"
          />
          <p
                    className="list-item-text"
          >
                    Mileage: 
                    24235
          </p>
</li>,
        "className": "link-container",
        "replace": false,
        "to": "/0",
      },
      "ref": null,
      "rendered": Object {
        "instance": null,
        "key": undefined,
        "nodeType": "host",
        "props": Object {
          "children": Array [
            <p
              className="list-item-title"
/>,
            <p
              className="list-item-text"
>
              Mileage: 
              24235
</p>,
          ],
          "className": "list-item-container",
        },
        "ref": null,
        "rendered": Array [
          Object {
            "instance": null,
            "key": undefined,
            "nodeType": "host",
            "props": Object {
              "children": undefined,
              "className": "list-item-title",
            },
            "ref": null,
            "rendered": null,
            "type": "p",
          },
          Object {
            "instance": null,
            "key": undefined,
            "nodeType": "host",
            "props": Object {
              "children": Array [
                "Mileage: ",
                24235,
              ],
              "className": "list-item-text",
            },
            "ref": null,
            "rendered": Array [
              "Mileage: ",
              24235,
            ],
            "type": "p",
          },
        ],
        "type": "li",
      },
      "type": [Function],
    },
  ],
  Symbol(enzyme.__options__): Object {
    "adapter": ReactSixteenAdapter {
      "options": Object {
        "enableComponentDidUpdateOnSetState": true,
      },
    },
  },
}
`;
