// Jest Snapshot v1, https://goo.gl/fbAQLP

exports[`List should render correctly 1`] = `
ShallowWrapper {
  "length": 1,
  Symbol(enzyme.__root__): [Circular],
  Symbol(enzyme.__unrendered__): <List
    listLoading={false}
    searchActive={false}
    searchResults={Array []}
    vehicles={
        Array [
            Object {
              "bodytype": "sedan",
              "created_at": "2016-10-14T20:13:22.586Z",
              "drivetrain": "FWD",
              "id": 0,
              "image_url": "http://www.optimaforums.com/forum/attachments/new-member-introductions/11137d1347548855-new-2013-kia-optima-sx-l-titanium-photo.jpg",
              "make": "Kia",
              "mileage": 24235,
              "model": "Optima",
              "year": "2013",
            },
            Object {
              "bodytype": "sedan",
              "created_at": "2016-11-14T20:13:22.586Z",
              "drivetrain": "FWD",
              "id": 1,
              "image_url": "http://www.conceptcarz.com/images/Hyundai/2013-Hyundai-Accent-Sedan-Image-01.jpg",
              "make": "Hyundai",
              "mileage": 21587,
              "model": "Accent",
              "year": "2013",
            },
          ]
    }
/>,
  Symbol(enzyme.__renderer__): Object {
    "batchedUpdates": [Function],
    "getNode": [Function],
    "render": [Function],
    "simulateEvent": [Function],
    "unmount": [Function],
  },
  Symbol(enzyme.__node__): Object {
    "instance": null,
    "key": undefined,
    "nodeType": "host",
    "props": Object {
      "children": Array [
        <ListItem
          vehicle={
                    Object {
                              "bodytype": "sedan",
                              "created_at": "2016-10-14T20:13:22.586Z",
                              "drivetrain": "FWD",
                              "id": 0,
                              "image_url": "http://www.optimaforums.com/forum/attachments/new-member-introductions/11137d1347548855-new-2013-kia-optima-sx-l-titanium-photo.jpg",
                              "make": "Kia",
                              "mileage": 24235,
                              "model": "Optima",
                              "year": "2013",
                            }
          }
          vehicleTitle="2013 Kia Optima"
/>,
        <ListItem
          vehicle={
                    Object {
                              "bodytype": "sedan",
                              "created_at": "2016-11-14T20:13:22.586Z",
                              "drivetrain": "FWD",
                              "id": 1,
                              "image_url": "http://www.conceptcarz.com/images/Hyundai/2013-Hyundai-Accent-Sedan-Image-01.jpg",
                              "make": "Hyundai",
                              "mileage": 21587,
                              "model": "Accent",
                              "year": "2013",
                            }
          }
          vehicleTitle="2013 Hyundai Accent"
/>,
      ],
      "className": "list-container",
    },
    "ref": null,
    "rendered": Array [
      Object {
        "instance": null,
        "key": "0",
        "nodeType": "function",
        "props": Object {
          "vehicle": Object {
            "bodytype": "sedan",
            "created_at": "2016-10-14T20:13:22.586Z",
            "drivetrain": "FWD",
            "id": 0,
            "image_url": "http://www.optimaforums.com/forum/attachments/new-member-introductions/11137d1347548855-new-2013-kia-optima-sx-l-titanium-photo.jpg",
            "make": "Kia",
            "mileage": 24235,
            "model": "Optima",
            "year": "2013",
          },
          "vehicleTitle": "2013 Kia Optima",
        },
        "ref": null,
        "rendered": null,
        "type": [Function],
      },
      Object {
        "instance": null,
        "key": "1",
        "nodeType": "function",
        "props": Object {
          "vehicle": Object {
            "bodytype": "sedan",
            "created_at": "2016-11-14T20:13:22.586Z",
            "drivetrain": "FWD",
            "id": 1,
            "image_url": "http://www.conceptcarz.com/images/Hyundai/2013-Hyundai-Accent-Sedan-Image-01.jpg",
            "make": "Hyundai",
            "mileage": 21587,
            "model": "Accent",
            "year": "2013",
          },
          "vehicleTitle": "2013 Hyundai Accent",
        },
        "ref": null,
        "rendered": null,
        "type": [Function],
      },
    ],
    "type": "ul",
  },
  Symbol(enzyme.__nodes__): Array [
    Object {
      "instance": null,
      "key": undefined,
      "nodeType": "host",
      "props": Object {
        "children": Array [
          <ListItem
            vehicle={
                        Object {
                                    "bodytype": "sedan",
                                    "created_at": "2016-10-14T20:13:22.586Z",
                                    "drivetrain": "FWD",
                                    "id": 0,
                                    "image_url": "http://www.optimaforums.com/forum/attachments/new-member-introductions/11137d1347548855-new-2013-kia-optima-sx-l-titanium-photo.jpg",
                                    "make": "Kia",
                                    "mileage": 24235,
                                    "model": "Optima",
                                    "year": "2013",
                                  }
            }
            vehicleTitle="2013 Kia Optima"
/>,
          <ListItem
            vehicle={
                        Object {
                                    "bodytype": "sedan",
                                    "created_at": "2016-11-14T20:13:22.586Z",
                                    "drivetrain": "FWD",
                                    "id": 1,
                                    "image_url": "http://www.conceptcarz.com/images/Hyundai/2013-Hyundai-Accent-Sedan-Image-01.jpg",
                                    "make": "Hyundai",
                                    "mileage": 21587,
                                    "model": "Accent",
                                    "year": "2013",
                                  }
            }
            vehicleTitle="2013 Hyundai Accent"
/>,
        ],
        "className": "list-container",
      },
      "ref": null,
      "rendered": Array [
        Object {
          "instance": null,
          "key": "0",
          "nodeType": "function",
          "props": Object {
            "vehicle": Object {
              "bodytype": "sedan",
              "created_at": "2016-10-14T20:13:22.586Z",
              "drivetrain": "FWD",
              "id": 0,
              "image_url": "http://www.optimaforums.com/forum/attachments/new-member-introductions/11137d1347548855-new-2013-kia-optima-sx-l-titanium-photo.jpg",
              "make": "Kia",
              "mileage": 24235,
              "model": "Optima",
              "year": "2013",
            },
            "vehicleTitle": "2013 Kia Optima",
          },
          "ref": null,
          "rendered": null,
          "type": [Function],
        },
        Object {
          "instance": null,
          "key": "1",
          "nodeType": "function",
          "props": Object {
            "vehicle": Object {
              "bodytype": "sedan",
              "created_at": "2016-11-14T20:13:22.586Z",
              "drivetrain": "FWD",
              "id": 1,
              "image_url": "http://www.conceptcarz.com/images/Hyundai/2013-Hyundai-Accent-Sedan-Image-01.jpg",
              "make": "Hyundai",
              "mileage": 21587,
              "model": "Accent",
              "year": "2013",
            },
            "vehicleTitle": "2013 Hyundai Accent",
          },
          "ref": null,
          "rendered": null,
          "type": [Function],
        },
      ],
      "type": "ul",
    },
  ],
  Symbol(enzyme.__options__): Object {
    "adapter": ReactSixteenAdapter {
      "options": Object {
        "enableComponentDidUpdateOnSetState": true,
      },
    },
  },
}
`;
