// Jest Snapshot v1, https://goo.gl/fbAQLP

exports[`SortBar should render correctly 1`] = `
ShallowWrapper {
  "length": 1,
  Symbol(enzyme.__root__): [Circular],
  Symbol(enzyme.__unrendered__): <SortBar
    sortOptions={
        Array [
            "Year",
            "Make",
            "Model",
          ]
    }
    sortSelection="Year"
/>,
  Symbol(enzyme.__renderer__): Object {
    "batchedUpdates": [Function],
    "getNode": [Function],
    "render": [Function],
    "simulateEvent": [Function],
    "unmount": [Function],
  },
  Symbol(enzyme.__node__): Object {
    "instance": null,
    "key": undefined,
    "nodeType": "host",
    "props": Object {
      "children": Array [
        <label
          className="sort-bar-text"
>
          Sort Vehicles By:
</label>,
        Array [
          <SortButton
            isActive={false}
            sortOption="Year"
            updateSortSelection={undefined}
/>,
          <SortButton
            isActive={false}
            sortOption="Make"
            updateSortSelection={undefined}
/>,
          <SortButton
            isActive={false}
            sortOption="Model"
            updateSortSelection={undefined}
/>,
        ],
      ],
      "className": "sort-bar-container",
    },
    "ref": null,
    "rendered": Array [
      Object {
        "instance": null,
        "key": undefined,
        "nodeType": "host",
        "props": Object {
          "children": "Sort Vehicles By:",
          "className": "sort-bar-text",
        },
        "ref": null,
        "rendered": "Sort Vehicles By:",
        "type": "label",
      },
      Object {
        "instance": null,
        "key": "Year",
        "nodeType": "function",
        "props": Object {
          "isActive": false,
          "sortOption": "Year",
          "updateSortSelection": undefined,
        },
        "ref": null,
        "rendered": null,
        "type": [Function],
      },
      Object {
        "instance": null,
        "key": "Make",
        "nodeType": "function",
        "props": Object {
          "isActive": false,
          "sortOption": "Make",
          "updateSortSelection": undefined,
        },
        "ref": null,
        "rendered": null,
        "type": [Function],
      },
      Object {
        "instance": null,
        "key": "Model",
        "nodeType": "function",
        "props": Object {
          "isActive": false,
          "sortOption": "Model",
          "updateSortSelection": undefined,
        },
        "ref": null,
        "rendered": null,
        "type": [Function],
      },
    ],
    "type": "div",
  },
  Symbol(enzyme.__nodes__): Array [
    Object {
      "instance": null,
      "key": undefined,
      "nodeType": "host",
      "props": Object {
        "children": Array [
          <label
            className="sort-bar-text"
>
            Sort Vehicles By:
</label>,
          Array [
            <SortButton
              isActive={false}
              sortOption="Year"
              updateSortSelection={undefined}
/>,
            <SortButton
              isActive={false}
              sortOption="Make"
              updateSortSelection={undefined}
/>,
            <SortButton
              isActive={false}
              sortOption="Model"
              updateSortSelection={undefined}
/>,
          ],
        ],
        "className": "sort-bar-container",
      },
      "ref": null,
      "rendered": Array [
        Object {
          "instance": null,
          "key": undefined,
          "nodeType": "host",
          "props": Object {
            "children": "Sort Vehicles By:",
            "className": "sort-bar-text",
          },
          "ref": null,
          "rendered": "Sort Vehicles By:",
          "type": "label",
        },
        Object {
          "instance": null,
          "key": "Year",
          "nodeType": "function",
          "props": Object {
            "isActive": false,
            "sortOption": "Year",
            "updateSortSelection": undefined,
          },
          "ref": null,
          "rendered": null,
          "type": [Function],
        },
        Object {
          "instance": null,
          "key": "Make",
          "nodeType": "function",
          "props": Object {
            "isActive": false,
            "sortOption": "Make",
            "updateSortSelection": undefined,
          },
          "ref": null,
          "rendered": null,
          "type": [Function],
        },
        Object {
          "instance": null,
          "key": "Model",
          "nodeType": "function",
          "props": Object {
            "isActive": false,
            "sortOption": "Model",
            "updateSortSelection": undefined,
          },
          "ref": null,
          "rendered": null,
          "type": [Function],
        },
      ],
      "type": "div",
    },
  ],
  Symbol(enzyme.__options__): Object {
    "adapter": ReactSixteenAdapter {
      "options": Object {
        "enableComponentDidUpdateOnSetState": true,
      },
    },
  },
}
`;
