// Jest Snapshot v1, https://goo.gl/fbAQLP

exports[`ListDetail should render correctly 1`] = `
ShallowWrapper {
  "length": 1,
  Symbol(enzyme.__root__): [Circular],
  Symbol(enzyme.__unrendered__): <ListDetail
    vehicle={
        Object {
            "bodytype": "sedan",
            "created_at": "2016-10-14T20:13:22.586Z",
            "drivetrain": "FWD",
            "id": 0,
            "image_url": "http://www.optimaforums.com/forum/attachments/new-member-introductions/11137d1347548855-new-2013-kia-optima-sx-l-titanium-photo.jpg",
            "make": "Kia",
            "mileage": 24235,
            "model": "Optima",
            "year": "2013",
          }
    }
/>,
  Symbol(enzyme.__renderer__): Object {
    "batchedUpdates": [Function],
    "getNode": [Function],
    "render": [Function],
    "simulateEvent": [Function],
    "unmount": [Function],
  },
  Symbol(enzyme.__node__): Object {
    "instance": null,
    "key": undefined,
    "nodeType": "host",
    "props": Object {
      "children": Array [
        <img
          alt="not found"
          className="list-detail-image"
          src="http://www.optimaforums.com/forum/attachments/new-member-introductions/11137d1347548855-new-2013-kia-optima-sx-l-titanium-photo.jpg"
/>,
        <p
          className="list-detail-title"
>
          2013 Kia Optima
</p>,
        <p
          className="list-detail-text"
>
          Mileage: 
          24235
</p>,
      ],
      "className": "list-detail-container",
    },
    "ref": null,
    "rendered": Array [
      Object {
        "instance": null,
        "key": undefined,
        "nodeType": "host",
        "props": Object {
          "alt": "not found",
          "className": "list-detail-image",
          "src": "http://www.optimaforums.com/forum/attachments/new-member-introductions/11137d1347548855-new-2013-kia-optima-sx-l-titanium-photo.jpg",
        },
        "ref": null,
        "rendered": null,
        "type": "img",
      },
      Object {
        "instance": null,
        "key": undefined,
        "nodeType": "host",
        "props": Object {
          "children": "2013 Kia Optima",
          "className": "list-detail-title",
        },
        "ref": null,
        "rendered": "2013 Kia Optima",
        "type": "p",
      },
      Object {
        "instance": null,
        "key": undefined,
        "nodeType": "host",
        "props": Object {
          "children": Array [
            "Mileage: ",
            24235,
          ],
          "className": "list-detail-text",
        },
        "ref": null,
        "rendered": Array [
          "Mileage: ",
          24235,
        ],
        "type": "p",
      },
    ],
    "type": "div",
  },
  Symbol(enzyme.__nodes__): Array [
    Object {
      "instance": null,
      "key": undefined,
      "nodeType": "host",
      "props": Object {
        "children": Array [
          <img
            alt="not found"
            className="list-detail-image"
            src="http://www.optimaforums.com/forum/attachments/new-member-introductions/11137d1347548855-new-2013-kia-optima-sx-l-titanium-photo.jpg"
/>,
          <p
            className="list-detail-title"
>
            2013 Kia Optima
</p>,
          <p
            className="list-detail-text"
>
            Mileage: 
            24235
</p>,
        ],
        "className": "list-detail-container",
      },
      "ref": null,
      "rendered": Array [
        Object {
          "instance": null,
          "key": undefined,
          "nodeType": "host",
          "props": Object {
            "alt": "not found",
            "className": "list-detail-image",
            "src": "http://www.optimaforums.com/forum/attachments/new-member-introductions/11137d1347548855-new-2013-kia-optima-sx-l-titanium-photo.jpg",
          },
          "ref": null,
          "rendered": null,
          "type": "img",
        },
        Object {
          "instance": null,
          "key": undefined,
          "nodeType": "host",
          "props": Object {
            "children": "2013 Kia Optima",
            "className": "list-detail-title",
          },
          "ref": null,
          "rendered": "2013 Kia Optima",
          "type": "p",
        },
        Object {
          "instance": null,
          "key": undefined,
          "nodeType": "host",
          "props": Object {
            "children": Array [
              "Mileage: ",
              24235,
            ],
            "className": "list-detail-text",
          },
          "ref": null,
          "rendered": Array [
            "Mileage: ",
            24235,
          ],
          "type": "p",
        },
      ],
      "type": "div",
    },
  ],
  Symbol(enzyme.__options__): Object {
    "adapter": ReactSixteenAdapter {
      "options": Object {
        "enableComponentDidUpdateOnSetState": true,
      },
    },
  },
}
`;
