// Jest Snapshot v1, https://goo.gl/fbAQLP

exports[`Vehicles should render correctly 1`] = `
ShallowWrapper {
  "length": 1,
  Symbol(enzyme.__root__): [Circular],
  Symbol(enzyme.__unrendered__): <Vehicles
    store={
        Object {
            "clearActions": [Function],
            "dispatch": [Function],
            "getActions": [Function],
            "getState": [Function],
            "replaceReducer": [Function],
            "subscribe": [Function],
          }
    }
    storeSubscription={
        Subscription {
            "listeners": Object {
              "clear": [Function],
              "get": [Function],
              "notify": [Function],
              "subscribe": [Function],
            },
            "onStateChange": [Function],
            "parentSub": undefined,
            "store": Object {
              "clearActions": [Function],
              "dispatch": [Function],
              "getActions": [Function],
              "getState": [Function],
              "replaceReducer": [Function],
              "subscribe": [Function],
            },
            "unsubscribe": [Function],
          }
    }
    vehicles={undefined}
    vehiclesGetData={[Function]}
    vehiclesHasError={undefined}
    vehiclesIsLoading={undefined}
/>,
  Symbol(enzyme.__renderer__): Object {
    "batchedUpdates": [Function],
    "getNode": [Function],
    "render": [Function],
    "simulateEvent": [Function],
    "unmount": [Function],
  },
  Symbol(enzyme.__node__): Object {
    "instance": null,
    "key": undefined,
    "nodeType": "host",
    "props": Object {
      "children": Array [
        <SearchBar
          searchActive={false}
          toggleSearchActive={[Function]}
          updateSearchTerm={[Function]}
/>,
        <SortBar
          sortOptions={
                    Array [
                              "Year",
                              "Make",
                              "Model",
                            ]
          }
          sortSelection="year"
          updateSortSelection={[Function]}
/>,
        <List
          listLoading={true}
          searchActive={false}
          searchResults={Array []}
          vehicles={Array []}
/>,
      ],
      "className": "view-container",
    },
    "ref": null,
    "rendered": Array [
      Object {
        "instance": null,
        "key": undefined,
        "nodeType": "function",
        "props": Object {
          "searchActive": false,
          "toggleSearchActive": [Function],
          "updateSearchTerm": [Function],
        },
        "ref": null,
        "rendered": null,
        "type": [Function],
      },
      Object {
        "instance": null,
        "key": undefined,
        "nodeType": "function",
        "props": Object {
          "sortOptions": Array [
            "Year",
            "Make",
            "Model",
          ],
          "sortSelection": "year",
          "updateSortSelection": [Function],
        },
        "ref": null,
        "rendered": null,
        "type": [Function],
      },
      Object {
        "instance": null,
        "key": undefined,
        "nodeType": "function",
        "props": Object {
          "listLoading": true,
          "searchActive": false,
          "searchResults": Array [],
          "vehicles": Array [],
        },
        "ref": null,
        "rendered": null,
        "type": [Function],
      },
    ],
    "type": "div",
  },
  Symbol(enzyme.__nodes__): Array [
    Object {
      "instance": null,
      "key": undefined,
      "nodeType": "host",
      "props": Object {
        "children": Array [
          <SearchBar
            searchActive={false}
            toggleSearchActive={[Function]}
            updateSearchTerm={[Function]}
/>,
          <SortBar
            sortOptions={
                        Array [
                                    "Year",
                                    "Make",
                                    "Model",
                                  ]
            }
            sortSelection="year"
            updateSortSelection={[Function]}
/>,
          <List
            listLoading={true}
            searchActive={false}
            searchResults={Array []}
            vehicles={Array []}
/>,
        ],
        "className": "view-container",
      },
      "ref": null,
      "rendered": Array [
        Object {
          "instance": null,
          "key": undefined,
          "nodeType": "function",
          "props": Object {
            "searchActive": false,
            "toggleSearchActive": [Function],
            "updateSearchTerm": [Function],
          },
          "ref": null,
          "rendered": null,
          "type": [Function],
        },
        Object {
          "instance": null,
          "key": undefined,
          "nodeType": "function",
          "props": Object {
            "sortOptions": Array [
              "Year",
              "Make",
              "Model",
            ],
            "sortSelection": "year",
            "updateSortSelection": [Function],
          },
          "ref": null,
          "rendered": null,
          "type": [Function],
        },
        Object {
          "instance": null,
          "key": undefined,
          "nodeType": "function",
          "props": Object {
            "listLoading": true,
            "searchActive": false,
            "searchResults": Array [],
            "vehicles": Array [],
          },
          "ref": null,
          "rendered": null,
          "type": [Function],
        },
      ],
      "type": "div",
    },
  ],
  Symbol(enzyme.__options__): Object {
    "adapter": ReactSixteenAdapter {
      "options": Object {
        "enableComponentDidUpdateOnSetState": true,
      },
    },
  },
}
`;
